Microchip MPLAB XC8 Compiler V2.40

Linker command line:

-W-3 \
  --edf=C:\Program Files\Microchip\xc8\v2.40\pic\dat\20220703182018_en.msgs \
  -cn -h+dist/default/production\heater_cooler.X.production.sym \
  --cmf=dist/default/production\heater_cooler.X.production.cmf -z -Q18F4620 \
  -oC:\Users\2020\AppData\Local\Temp\xcAs488.4 --defsym=__MPLAB_BUILD=1 \
  --fixupoverflow=error \
  -Mdist/default/production/heater_cooler.X.production.map \
  --md=C:\Users\2020\AppData\Local\Temp\xcAs488.dat -E1 -ver=XC8 Compiler \
  --acfsm=1493 -ACODE=00h-0FFFFh -ACONST=00h-0FFFFh \
  -ASMALLCONST=01000h-010FFhx240 -AMEDIUMCONST=01000h-0FFFFh \
  -ACOMRAM=01h-07Fh -AABS1=00h-0F7Fh -ABIGRAM=01h-0F7Fh \
  -ARAM=080h-0FFh,0100h-01FFhx14,0F00h-0F7Fh -ABANK0=080h-0FFh \
  -ABANK1=0100h-01FFh -ABANK2=0200h-02FFh -ABANK3=0300h-03FFh \
  -ABANK4=0400h-04FFh -ABANK5=0500h-05FFh -ABANK6=0600h-06FFh \
  -ABANK7=0700h-07FFh -ABANK8=0800h-08FFh -ABANK9=0900h-09FFh \
  -ABANK10=0A00h-0AFFh -ABANK11=0B00h-0BFFh -ABANK12=0C00h-0CFFh \
  -ABANK13=0D00h-0DFFh -ABANK14=0E00h-0EFFh -ABANK15=0F00h-0F7Fh \
  -ASFR=0F80h-0FFFh -ABIGSFR=0F80h-0FFFh -ACONFIG=0300000h-030000Dh \
  -AIDLOC=0200000h-0200007h -AEEDATA=0F00000h-0F003FFh -peeprom_data=EEDATA \
  -preset_vec=00h,intcode=08h,intcodelo,powerup,init -pramtop=01000h \
  -psmallconst=SMALLCONST -pmediumconst=MEDIUMCONST -pconst=CONST \
  -AFARRAM=00h-00h \
  -prdata=COMRAM,nvrram=COMRAM,nvbit=COMRAM,rbss=COMRAM,rbit=COMRAM \
  -pfarbss=FARRAM,fardata=FARRAM,nvFARRAM=FARRAM \
  -pintsave_regs=BIGRAM,bigbss=BIGRAM,bigdata=BIGRAM -pbss=RAM \
  -pidata=CODE,irdata=CODE,ibigdata=CODE,ifardata=CODE -prparam=COMRAM \
  C:\Users\2020\AppData\Local\Temp\xcAs488.o \
  dist/default/production\heater_cooler.X.production.o 

Object code version is 3.11

Machine type is 18F4620



                Name                               Link     Load   Length Selector   Space Scale
C:\Users\2020\AppData\Local\Temp\xcAs488.o
                idloc                            200000   200000        8        0       5
                config                           300000   300000        E        0       4
                init                                  E        E        4        4       0
                reset_vec                             0        0        4        0       0
dist/default/production\heater_cooler.X.production.o
                intcode                               8        8        6        4       0
                idloc                            200000   200000        8        0       5
                config                           300000   300000        E        0       4
                temp                                 59       59        1        1       1
                smallconst                         1000     1000       60      800       0
                text59                             4FCA     4FCA       5A      830       0
                text58                             4AF8     4AF8       B0      830       0
                text57                             46B4     46B4      104      830       0
                text56                             29C2     29C2      4C0      830       0
                text55                             529C     529C       46      830       0
                text54                             3EB8     3EB8      1B4      830       0
                text53                             54B0     54B0       32      830       0
                text52                             55F2     55F2        C      830       0
                intcode_body                       3B1A     3B1A      1E6      830       0
                text50                             553C     553C       2C      830       0
                text49                             55E6     55E6        C      830       0
                text48                             55CA     55CA       10      830       0
                text47                             5418     5418       34      830       0
                text46                             547E     547E       32      830       0
                text45                             53A6     53A6       3A      830       0
                text44                             558E     558E       22      830       0
                text43                             50D0     50D0       54      830       0
                text42                             4EF8     4EF8       6C      830       0
                text41                             4E86     4E86       72      830       0
                text40                             4D88     4D88       82      830       0
                text39                             544C     544C       32      830       0
                text38                             4A48     4A48       B0      830       0
                text37                             4E0A     4E0A       7C      830       0
                text36                             32AE     32AE      39C      830       0
                text35                             5568     5568       26      830       0
                text34                             3D00     3D00      1B8      830       0
                text33                             52E2     52E2       44      830       0
                text32                             4D00     4D00       88      830       0
                text31                             55DA     55DA        C      830       0
                text30                             2500     2500      4C2      830       0
                text29                             2E82     2E82      42C      830       0
                text28                             44A6     44A6      108      830       0
                text27                             54E2     54E2       2E      830       0
                text26                             4980     4980       C8      830       0
                text25                             55B0     55B0       1A      830       0
                text24                             5510     5510       2C      830       0
                text23                             5256     5256       46      830       0
                text22                             435C     435C      14A      830       0
                text21                             406C     406C      18A      830       0
                text20                             41F6     41F6      166      830       0
                text19                             5366     5366       40      830       0
                text18                             5602     5602        2      830       0
                text17                             48B6     48B6       CA      830       0
                text16                             520E     520E       48      830       0
                text15                             4BA8     4BA8       AE      830       0
                text14                             364A     364A      2BA      830       0
                text13                             4C56     4C56       AA      830       0
                text12                             45AE     45AE      106      830       0
                text11                             53E0     53E0       38      830       0
                text10                             51C6     51C6       48      830       0
                text9                              47B8     47B8       FE      830       0
                text8                              3904     3904      216      830       0
                text7                              4F64     4F64       66      830       0
                text6                              5176     5176       50      830       0
                text5                              5326     5326       40      830       0
                text4                              1060     1060      A6A      830       0
                text3                              1ACA     1ACA      558      830       0
                text2                              5124     5124       52      830       0
                text1                              507C     507C       54      830       0
                text0                              2022     2022      4DE      830       0
                cstackCOMRAM                          1        1       35        1       1
                cstackBANK0                          80       80       80       80       1
                cstackBANK1                         100      100       57      100       1
                dataBANK1                           1AC      1AC        1      100       1
                bssBANK1                            157      157       55      100       1
                dataCOMRAM                           55       55        4        1       1
                bssCOMRAM                            36       36       1F        1       1
                cinit                              5024     5024       58      830       0
                idataBANK1                         5604     5604        1      830       0
                idataCOMRAM                        55FE     55FE        4      830       0

TOTAL           Name                               Link     Load   Length     Space
        CLASS   CODE           
                intcode                               8        8        6         0
                init                                  E        E        4         0
                reset_vec                             0        0        4         0
                text59                             4FCA     4FCA       5A         0
                text58                             4AF8     4AF8       B0         0
                text57                             46B4     46B4      104         0
                text56                             29C2     29C2      4C0         0
                text55                             529C     529C       46         0
                text54                             3EB8     3EB8      1B4         0
                text53                             54B0     54B0       32         0
                text52                             55F2     55F2        C         0
                intcode_body                       3B1A     3B1A      1E6         0
                text50                             553C     553C       2C         0
                text49                             55E6     55E6        C         0
                text48                             55CA     55CA       10         0
                text47                             5418     5418       34         0
                text46                             547E     547E       32         0
                text45                             53A6     53A6       3A         0
                text44                             558E     558E       22         0
                text43                             50D0     50D0       54         0
                text42                             4EF8     4EF8       6C         0
                text41                             4E86     4E86       72         0
                text40                             4D88     4D88       82         0
                text39                             544C     544C       32         0
                text38                             4A48     4A48       B0         0
                text37                             4E0A     4E0A       7C         0
                text36                             32AE     32AE      39C         0
                text35                             5568     5568       26         0
                text34                             3D00     3D00      1B8         0
                text33                             52E2     52E2       44         0
                text32                             4D00     4D00       88         0
                text31                             55DA     55DA        C         0
                text30                             2500     2500      4C2         0
                text29                             2E82     2E82      42C         0
                text28                             44A6     44A6      108         0
                text27                             54E2     54E2       2E         0
                text26                             4980     4980       C8         0
                text25                             55B0     55B0       1A         0
                text24                             5510     5510       2C         0
                text23                             5256     5256       46         0
                text22                             435C     435C      14A         0
                text21                             406C     406C      18A         0
                text20                             41F6     41F6      166         0
                text19                             5366     5366       40         0
                text18                             5602     5602        2         0
                text17                             48B6     48B6       CA         0
                text16                             520E     520E       48         0
                text15                             4BA8     4BA8       AE         0
                text14                             364A     364A      2BA         0
                text13                             4C56     4C56       AA         0
                text12                             45AE     45AE      106         0
                text11                             53E0     53E0       38         0
                text10                             51C6     51C6       48         0
                text9                              47B8     47B8       FE         0
                text8                              3904     3904      216         0
                text7                              4F64     4F64       66         0
                text6                              5176     5176       50         0
                text5                              5326     5326       40         0
                text4                              1060     1060      A6A         0
                text3                              1ACA     1ACA      558         0
                text2                              5124     5124       52         0
                text1                              507C     507C       54         0
                text0                              2022     2022      4DE         0
                cinit                              5024     5024       58         0
                idataBANK1                         5604     5604        1         0
                idataCOMRAM                        55FE     55FE        4         0

        CLASS   CONST          

        CLASS   SMALLCONST     
                smallconst                         1000     1000       60         0

        CLASS   MEDIUMCONST    

        CLASS   COMRAM         
                temp                                 59       59        1         1
                cstackCOMRAM                          1        1       35         1
                dataCOMRAM                           55       55        4         1
                bssCOMRAM                            36       36       1F         1

        CLASS   ABS1           

        CLASS   BIGRAM         

        CLASS   RAM            

        CLASS   BANK0          
                cstackBANK0                          80       80       80         1

        CLASS   BANK1          
                cstackBANK1                         100      100       57         1
                dataBANK1                           1AC      1AC        1         1
                bssBANK1                            157      157       55         1

        CLASS   BANK2          

        CLASS   BANK3          

        CLASS   BANK4          

        CLASS   BANK5          

        CLASS   BANK6          

        CLASS   BANK7          

        CLASS   BANK8          

        CLASS   BANK9          

        CLASS   BANK10         

        CLASS   BANK11         

        CLASS   BANK12         

        CLASS   BANK13         

        CLASS   BANK14         

        CLASS   BANK15         

        CLASS   SFR            

        CLASS   BIGSFR         

        CLASS   CONFIG         
                config                           300000   300000        E         4

        CLASS   IDLOC          
                idloc                            200000   200000        8         5

        CLASS   EEDATA         

        CLASS   FARRAM         

        CLASS   HEAP           

        CLASS   STACK          



SEGMENTS        Name                           Load    Length   Top    Selector   Space  Class

                reset_vec                      000000  000004  000004         0       0  CODE    
                cstackCOMRAM                   000001  000059  00005A         1       1  COMRAM  
                intcode                        000008  00000A  000012         4       0  CODE    
                cstackBANK0                    000080  000080  000100        80       1  BANK0   
                cstackBANK1                    000100  0000AD  0001AD       100       1  BANK1   
                smallconst                     001000  000060  001060       800       0  SMALLCON
                text4                          001060  0045A5  005605       830       0  CODE    


UNUSED ADDRESS RANGES

        Name                Unused          Largest block    Delta
        BANK1            0001AD-0001FF               53
        BANK10           000A00-000AFF              100
        BANK11           000B00-000BFF              100
        BANK12           000C00-000CFF              100
        BANK13           000D00-000DFF              100
        BANK14           000E00-000EFF              100
        BANK15           000F00-000F7F               80
        BANK2            000200-0002FF              100
        BANK3            000300-0003FF              100
        BANK4            000400-0004FF              100
        BANK5            000500-0005FF              100
        BANK6            000600-0006FF              100
        BANK7            000700-0007FF              100
        BANK8            000800-0008FF              100
        BANK9            000900-0009FF              100
        BIGRAM           00005A-00007F               26
                         0001AD-000F7F              DD3
        BIGSFR           000F80-000FFF               80
        CODE             000004-000007                4
                         000012-000FFF              FEE
                         005605-00FFFF             A9FB
        COMRAM           00005A-00007F               26
        CONST            000004-000007                4
                         000012-000FFF              FEE
                         005605-00FFFF             A9FB
        EEDATA           F00000-F003FF              400
        MEDIUMCONST      005605-00FFFF             A9FB
        RAM              0001AD-000F7F              100
        SFR              000F80-000FFF               80
        SMALLCONST       005605-00FFFF              100

                                  Symbol Table

?___aodiv                     cstackBANK0  000080
?___aomod                     cstackBANK0  000080
?___awmod                     cstackCOMRAM 000027
?___fladd                     cstackCOMRAM 000027
?___fldiv                     cstackBANK0  00008D
?___flmul                     cstackCOMRAM 000027
?___flneg                     cstackCOMRAM 000027
?___flsub                     cstackBANK0  00008D
?___fltol                     cstackBANK0  000095
?___fpclassifyf               cstackCOMRAM 000027
?___wmul                      cstackCOMRAM 000027
?___xxtofl                    cstackCOMRAM 00002D
?_abs                         cstackCOMRAM 000029
?_atoi                        cstackCOMRAM 00002D
?_floorf                      cstackBANK0  0000A6
?_isdigit                     cstackCOMRAM 000027
?_isspace                     cstackCOMRAM 000027
?_labs                        cstackCOMRAM 000027
?_read_adc_raw_no_lib         cstackCOMRAM 000027
?_read_adc_voltage            cstackBANK0  0000A6
?_sprintf                     cstackBANK1  00010D
?_vfprintf                    cstackBANK0  0000F8
?i2___awmod                   cstackCOMRAM 000001
?i2___fladd                   cstackCOMRAM 000001
?i2___flsub                   cstackCOMRAM 000011
?i2___xxtofl                  cstackCOMRAM 000001
_ADCON0                       (abs)        000FC2
_ADCON0bits                   (abs)        000FC2
_ADCON1                       (abs)        000FC1
_ADCON2                       (abs)        000FC0
_ADRESH                       (abs)        000FC4
_ADRESL                       (abs)        000FC3
_CCP1CON                      (abs)        000FBD
_CCP1CONbits                  (abs)        000FBD
_CCPR1L                       (abs)        000FBE
_C_ON                         bssBANK1     00015B
_CoolError                    bssCOMRAM    00004A
_HS                           bssCOMRAM    00004E
_H_ON                         dataBANK1    0001AC
_INTCON                       (abs)        000FF2
_INTCON2                      (abs)        000FF1
_INTCON3                      (abs)        000FF0
_INTCON3bits                  (abs)        000FF0
_INTCONbits                   (abs)        000FF2
_LCD_INIT_STRING              dataCOMRAM   000055
_PIE2                         (abs)        000FA0
_PIE2bits                     (abs)        000FA0
_PIR1                         (abs)        000F9E
_PIR2                         (abs)        000FA1
_PIR2bits                     (abs)        000FA1
_PORTBbits                    (abs)        000F81
_PORTCbits                    (abs)        000F82
_PORTEbits                    (abs)        000F84
_PR2                          (abs)        000FCB
_RCONbits                     (abs)        000FD0
_RPS_count                    bssCOMRAM    00004C
_T0CON                        (abs)        000FD5
_T0CONbits                    (abs)        000FD5
_T1CONbits                    (abs)        000FCD
_T2CON                        (abs)        000FCA
_T2CONbits                    (abs)        000FCA
_T3CON                        (abs)        000FB1
_T3CONbits                    (abs)        000FB1
_TMR0H                        (abs)        000FD7
_TMR0L                        (abs)        000FD6
_TMR1H                        (abs)        000FCF
_TMR1L                        (abs)        000FCE
_TMR3H                        (abs)        000FB3
_TMR3L                        (abs)        000FB2
_TRISA                        (abs)        000F92
_TRISB                        (abs)        000F93
_TRISC                        (abs)        000F94
_TRISCbits                    (abs)        000F94
_TRISD                        (abs)        000F95
_TRISE                        (abs)        000F96
__HRAM                        (abs)        000000
__Habs1                       abs1         000000
__Hbank0                      bank0        000000
__Hbank1                      bank1        000000
__Hbank10                     bank10       000000
__Hbank11                     bank11       000000
__Hbank12                     bank12       000000
__Hbank13                     bank13       000000
__Hbank14                     bank14       000000
__Hbank15                     bank15       000000
__Hbank2                      bank2        000000
__Hbank3                      bank3        000000
__Hbank4                      bank4        000000
__Hbank5                      bank5        000000
__Hbank6                      bank6        000000
__Hbank7                      bank7        000000
__Hbank8                      bank8        000000
__Hbank9                      bank9        000000
__Hbigbss                     bigbss       000000
__Hbigdata                    bigdata      000000
__Hbigram                     bigram       000000
__Hbigsfr                     bigsfr       000000
__Hbss                        bss          000000
__HbssBANK1                   bssBANK1     000000
__HbssCOMRAM                  bssCOMRAM    000000
__Hcinit                      cinit        000000
__Hclrtext                    clrtext      000000
__Hcomram                     comram       000000
__Hconfig                     config       30000E
__Hconst                      const        000000
__HcstackBANK0                cstackBANK0  000000
__HcstackBANK1                cstackBANK1  000000
__HcstackCOMRAM               cstackCOMRAM 000000
__Hdata                       data         000000
__HdataBANK1                  dataBANK1    000000
__HdataCOMRAM                 dataCOMRAM   000000
__Heeprom_data                eeprom_data  000000
__Hfarbss                     farbss       000000
__Hfardata                    fardata      000000
__Hheap                       heap         000000
__Hibigdata                   ibigdata     000000
__Hidata                      idata        000000
__HidataBANK1                 idataBANK1   000000
__HidataCOMRAM                idataCOMRAM  000000
__Hidloc                      idloc        200008
__Hifardata                   ifardata     000000
__Hinit                       init         000012
__Hintcode                    intcode      00000E
__Hintcode_body               intcode_body 000000
__Hintcodelo                  intcodelo    00000E
__Hintentry                   intentry     000000
__Hintret                     intret       000000
__Hintsave_regs               intsave_regs 000000
__Hirdata                     irdata       000000
__Hmediumconst                mediumconst  000000
__HnvFARRAM                   nvFARRAM     000000
__Hnvbit                      nvbit        000000
__Hnvrram                     nvrram       000000
__Hparam                      rparam       000000
__Hpowerup                    powerup      00000E
__Hram                        ram          000000
__Hramtop                     ramtop       001000
__Hrbit                       rbit         000000
__Hrbss                       rbss         000000
__Hrdata                      rdata        000000
__Hreset_vec                  reset_vec    000004
__Hrparam                     rparam       000000
__Hsfr                        sfr          000000
__Hsmallconst                 smallconst   001060
__Hspace_0                    (abs)        005605
__Hspace_1                    (abs)        0001AD
__Hspace_2                    (abs)        000000
__Hspace_4                    (abs)        60000E
__Hstack                      stack        000000
__Hstruct                     struct       000000
__Htemp                       temp         00005A
__Htext                       text         000000
__Htext0                      text0        000000
__Htext1                      text1        000000
__Htext10                     text10       000000
__Htext11                     text11       000000
__Htext12                     text12       000000
__Htext13                     text13       000000
__Htext14                     text14       000000
__Htext15                     text15       000000
__Htext16                     text16       000000
__Htext17                     text17       000000
__Htext18                     text18       000000
__Htext19                     text19       000000
__Htext2                      text2        000000
__Htext20                     text20       000000
__Htext21                     text21       000000
__Htext22                     text22       000000
__Htext23                     text23       000000
__Htext24                     text24       000000
__Htext25                     text25       000000
__Htext26                     text26       000000
__Htext27                     text27       000000
__Htext28                     text28       000000
__Htext29                     text29       000000
__Htext3                      text3        000000
__Htext30                     text30       000000
__Htext31                     text31       000000
__Htext32                     text32       000000
__Htext33                     text33       000000
__Htext34                     text34       000000
__Htext35                     text35       000000
__Htext36                     text36       000000
__Htext37                     text37       000000
__Htext38                     text38       000000
__Htext39                     text39       000000
__Htext4                      text4        000000
__Htext40                     text40       000000
__Htext41                     text41       000000
__Htext42                     text42       000000
__Htext43                     text43       000000
__Htext44                     text44       000000
__Htext45                     text45       000000
__Htext46                     text46       000000
__Htext47                     text47       000000
__Htext48                     text48       000000
__Htext49                     text49       000000
__Htext5                      text5        000000
__Htext50                     text50       000000
__Htext52                     text52       000000
__Htext53                     text53       000000
__Htext54                     text54       000000
__Htext55                     text55       000000
__Htext56                     text56       000000
__Htext57                     text57       000000
__Htext58                     text58       000000
__Htext59                     text59       000000
__Htext6                      text6        000000
__Htext7                      text7        000000
__Htext8                      text8        000000
__Htext9                      text9        000000
__LRAM                        (abs)        000001
__Labs1                       abs1         000000
__Lbank0                      bank0        000000
__Lbank1                      bank1        000000
__Lbank10                     bank10       000000
__Lbank11                     bank11       000000
__Lbank12                     bank12       000000
__Lbank13                     bank13       000000
__Lbank14                     bank14       000000
__Lbank15                     bank15       000000
__Lbank2                      bank2        000000
__Lbank3                      bank3        000000
__Lbank4                      bank4        000000
__Lbank5                      bank5        000000
__Lbank6                      bank6        000000
__Lbank7                      bank7        000000
__Lbank8                      bank8        000000
__Lbank9                      bank9        000000
__Lbigbss                     bigbss       000000
__Lbigdata                    bigdata      000000
__Lbigram                     bigram       000000
__Lbigsfr                     bigsfr       000000
__Lbss                        bss          000000
__LbssBANK1                   bssBANK1     000000
__LbssCOMRAM                  bssCOMRAM    000000
__Lcinit                      cinit        000000
__Lclrtext                    clrtext      000000
__Lcomram                     comram       000000
__Lconfig                     config       000000
__Lconst                      const        000000
__LcstackBANK0                cstackBANK0  000000
__LcstackBANK1                cstackBANK1  000000
__LcstackCOMRAM               cstackCOMRAM 000000
__Ldata                       data         000000
__LdataBANK1                  dataBANK1    000000
__LdataCOMRAM                 dataCOMRAM   000000
__Leeprom_data                eeprom_data  000000
__Lfarbss                     farbss       000000
__Lfardata                    fardata      000000
__Lheap                       heap         000000
__Libigdata                   ibigdata     000000
__Lidata                      idata        000000
__LidataBANK1                 idataBANK1   000000
__LidataCOMRAM                idataCOMRAM  000000
__Lidloc                      idloc        000000
__Lifardata                   ifardata     000000
__Linit                       init         00000E
__Lintcode                    intcode      000008
__Lintcode_body               intcode_body 000000
__Lintcodelo                  intcodelo    00000E
__Lintentry                   intentry     000000
__Lintret                     intret       000000
__Lintsave_regs               intsave_regs 000000
__Lirdata                     irdata       000000
__Lmediumconst                mediumconst  000000
__LnvFARRAM                   nvFARRAM     000000
__Lnvbit                      nvbit        000000
__Lnvrram                     nvrram       000000
__Lparam                      rparam       000000
__Lpowerup                    powerup      00000E
__Lram                        ram          000000
__Lramtop                     ramtop       001000
__Lrbit                       rbit         000000
__Lrbss                       rbss         000000
__Lrdata                      rdata        000000
__Lreset_vec                  reset_vec    000000
__Lrparam                     rparam       000000
__Lsfr                        sfr          000000
__Lsmallconst                 smallconst   001000
__Lspace_0                    (abs)        000000
__Lspace_1                    (abs)        000000
__Lspace_2                    (abs)        000000
__Lspace_4                    (abs)        000000
__Lstack                      stack        000000
__Lstruct                     struct       000000
__Ltemp                       temp         000059
__Ltext                       text         000000
__Ltext0                      text0        000000
__Ltext1                      text1        000000
__Ltext10                     text10       000000
__Ltext11                     text11       000000
__Ltext12                     text12       000000
__Ltext13                     text13       000000
__Ltext14                     text14       000000
__Ltext15                     text15       000000
__Ltext16                     text16       000000
__Ltext17                     text17       000000
__Ltext18                     text18       000000
__Ltext19                     text19       000000
__Ltext2                      text2        000000
__Ltext20                     text20       000000
__Ltext21                     text21       000000
__Ltext22                     text22       000000
__Ltext23                     text23       000000
__Ltext24                     text24       000000
__Ltext25                     text25       000000
__Ltext26                     text26       000000
__Ltext27                     text27       000000
__Ltext28                     text28       000000
__Ltext29                     text29       000000
__Ltext3                      text3        000000
__Ltext30                     text30       000000
__Ltext31                     text31       000000
__Ltext32                     text32       000000
__Ltext33                     text33       000000
__Ltext34                     text34       000000
__Ltext35                     text35       000000
__Ltext36                     text36       000000
__Ltext37                     text37       000000
__Ltext38                     text38       000000
__Ltext39                     text39       000000
__Ltext4                      text4        000000
__Ltext40                     text40       000000
__Ltext41                     text41       000000
__Ltext42                     text42       000000
__Ltext43                     text43       000000
__Ltext44                     text44       000000
__Ltext45                     text45       000000
__Ltext46                     text46       000000
__Ltext47                     text47       000000
__Ltext48                     text48       000000
__Ltext49                     text49       000000
__Ltext5                      text5        000000
__Ltext50                     text50       000000
__Ltext52                     text52       000000
__Ltext53                     text53       000000
__Ltext54                     text54       000000
__Ltext55                     text55       000000
__Ltext56                     text56       000000
__Ltext57                     text57       000000
__Ltext58                     text58       000000
__Ltext59                     text59       000000
__Ltext6                      text6        000000
__Ltext7                      text7        000000
__Ltext8                      text8        000000
__Ltext9                      text9        000000
__S0                          (abs)        005605
__S1                          (abs)        0001AD
__S4                          (abs)        000000
__S5                          (abs)        000000
___aodiv                      text21       00406C
___aodiv@counter              cstackCOMRAM 000027
___aodiv@dividend             cstackBANK0  000080
___aodiv@divisor              cstackBANK0  000088
___aodiv@quotient             cstackCOMRAM 000029
___aodiv@sign                 cstackCOMRAM 000028
___aomod                      text20       0041F6
___aomod@counter              cstackCOMRAM 000027
___aomod@dividend             cstackBANK0  000080
___aomod@divisor              cstackBANK0  000088
___aomod@sign                 cstackCOMRAM 000028
___awmod                      text38       004A48
___awmod@counter              cstackCOMRAM 00002B
___awmod@dividend             cstackCOMRAM 000027
___awmod@divisor              cstackCOMRAM 000029
___awmod@sign                 cstackCOMRAM 00002C
___fladd                      text30       002500
___fladd@a                    cstackCOMRAM 00002B
___fladd@aexp                 cstackBANK0  000081
___fladd@b                    cstackCOMRAM 000027
___fladd@bexp                 cstackBANK0  000082
___fladd@grs                  cstackBANK0  000083
___fladd@signs                cstackBANK0  000080
___fldiv                      text36       0032AE
___fldiv@a                    cstackBANK0  000091
___fldiv@aexp                 cstackBANK0  0000A5
___fldiv@b                    cstackBANK0  00008D
___fldiv@bexp                 cstackBANK0  0000A4
___fldiv@grs                  cstackBANK0  0000A0
___fldiv@new_exp              cstackBANK0  00009E
___fldiv@rem                  cstackBANK0  000099
___fldiv@sign                 cstackBANK0  00009D
___fleq                       text13       004C56
___fleq@ff1                   cstackCOMRAM 000027
___fleq@ff2                   cstackCOMRAM 00002B
___flge                       text12       0045AE
___flge@ff1                   cstackBANK0  000095
___flge@ff2                   cstackBANK0  000099
___flmul                      text29       002E82
___flmul@a                    cstackCOMRAM 00002B
___flmul@aexp                 cstackBANK0  000081
___flmul@b                    cstackCOMRAM 000027
___flmul@bexp                 cstackBANK0  000086
___flmul@grs                  cstackBANK0  000082
___flmul@prod                 cstackBANK0  000087
___flmul@sign                 cstackBANK0  000080
___flmul@temp                 cstackBANK0  00008B
___flneg                      text11       0053E0
___flneg@f1                   cstackCOMRAM 000027
___flsub                      text10       0051C6
___flsub@a                    cstackBANK0  000091
___flsub@b                    cstackBANK0  00008D
___fltol                      text28       0044A6
___fltol@exp1                 cstackBANK0  00009E
___fltol@f1                   cstackBANK0  000095
___fltol@sign1                cstackBANK0  00009D
___fpclassifyf                text9        0047B8
___fpclassifyf@F465           bssCOMRAM    00003A
___fpclassifyf@e              cstackCOMRAM 00002F
___fpclassifyf@u              cstackCOMRAM 000031
___fpclassifyf@x              cstackCOMRAM 000027
___heap_hi                    (abs)        000000
___heap_lo                    (abs)        000000
___inthi_sp                   stack        000000
___intlo_sp                   stack        000000
___param_bank                 (abs)        000000
___rparam_used                (abs)        000001
___sp                         stack        000000
___wmul                       text35       005568
___wmul@multiplicand          cstackCOMRAM 000029
___wmul@multiplier            cstackCOMRAM 000027
___wmul@product               cstackCOMRAM 00002B
___xxtofl                     text34       003D00
___xxtofl@arg                 cstackBANK0  000082
___xxtofl@exp                 cstackBANK0  000081
___xxtofl@sign                cstackBANK0  000080
___xxtofl@val                 cstackCOMRAM 00002D
__accesstop                   (abs)        000080
__activetblptr                (abs)        000002
__end_of___aodiv              text21       0041F6
__end_of___aomod              text20       00435C
__end_of___awmod              text38       004AF8
__end_of___fladd              text30       0029C2
__end_of___fldiv              text36       00364A
__end_of___fleq               text13       004D00
__end_of___flge               text12       0046B4
__end_of___flmul              text29       0032AE
__end_of___flneg              text11       005418
__end_of___flsub              text10       00520E
__end_of___fltol              text28       0045AE
__end_of___fpclassifyf        text9        0048B6
__end_of___wmul               text35       00558E
__end_of___xxtofl             text34       003EB8
__end_of__initialization      cinit        00506E
__end_of_abs                  text19       0053A6
__end_of_atoi                 text22       0044A6
__end_of_delay_cycles         text45       0053E0
__end_of_delay_ms             text46       0054B0
__end_of_dtoa                 text14       003904
__end_of_efgtoa               text4        001ACA
__end_of_floorf               text8        003B1A
__end_of_fputc                text17       004980
__end_of_fputs                text16       005256
__end_of_highIsr              intcode_body 003D00
__end_of_initTimers01         text50       005568
__end_of_init_adc_no_lib      text49       0055F2
__end_of_init_pwm1            text48       0055DA
__end_of_initialization       text47       00544C
__end_of_isdigit              text24       00553C
__end_of_isspace              text23       00529C
__end_of_labs                 text7        004FCA
__end_of_lcd_gotoxy           text41       004EF8
__end_of_lcd_init             text42       004F64
__end_of_lcd_putc             text40       004E0A
__end_of_lcd_puts             text39       00547E
__end_of_lcd_send_byte        text43       005124
__end_of_lcd_send_nibble      text44       0055B0
__end_of_main                 text0        002500
__end_of_memcpy               text6        0051C6
__end_of_modes                text59       005024
__end_of_pad                  text15       004C56
__end_of_putch                text18       005604
__end_of_pwd_Timer3           text37       004E86
__end_of_read_adc_raw_no_lib  text33       005326
__end_of_read_adc_voltage     text32       004D88
__end_of_reloadTimer3         text31       0055E6
__end_of_set_pwm1_percent     text26       004A48
__end_of_set_pwm1_raw         text27       005510
__end_of_setupPorts           text25       0055CA
__end_of_sprintf              text1        0050D0
__end_of_strcpy               text5        005366
__end_of_vfpfcnvrt            text3        002022
__end_of_vfprintf             text2        005176
__end_ofi2___awmod            text58       004BA8
__end_ofi2___fladd            text56       002E82
__end_ofi2___flge             text57       0047B8
__end_ofi2___flsub            text55       0052E2
__end_ofi2___xxtofl           text54       00406C
__end_ofi2_delay_ms           text53       0054E2
__end_ofi2_reloadTimer3       text52       0055FE
__initialization              cinit        005024
__mediumconst                 mediumconst  000000
__pbssBANK1                   bssBANK1     000157
__pbssCOMRAM                  bssCOMRAM    000036
__pcinit                      cinit        005024
__pcstackBANK0                cstackBANK0  000080
__pcstackBANK1                cstackBANK1  000100
__pcstackCOMRAM               cstackCOMRAM 000001
__pdataBANK1                  dataBANK1    0001AC
__pdataCOMRAM                 dataCOMRAM   000055
__pidataBANK1                 idataBANK1   005604
__pidataCOMRAM                idataCOMRAM  0055FE
__pintcode                    intcode      000008
__pintcode_body               intcode_body 003B1A
__psmallconst                 smallconst   001000
__ptext0                      text0        002022
__ptext1                      text1        00507C
__ptext10                     text10       0051C6
__ptext11                     text11       0053E0
__ptext12                     text12       0045AE
__ptext13                     text13       004C56
__ptext14                     text14       00364A
__ptext15                     text15       004BA8
__ptext16                     text16       00520E
__ptext17                     text17       0048B6
__ptext18                     text18       005602
__ptext19                     text19       005366
__ptext2                      text2        005124
__ptext20                     text20       0041F6
__ptext21                     text21       00406C
__ptext22                     text22       00435C
__ptext23                     text23       005256
__ptext24                     text24       005510
__ptext25                     text25       0055B0
__ptext26                     text26       004980
__ptext27                     text27       0054E2
__ptext28                     text28       0044A6
__ptext29                     text29       002E82
__ptext3                      text3        001ACA
__ptext30                     text30       002500
__ptext31                     text31       0055DA
__ptext32                     text32       004D00
__ptext33                     text33       0052E2
__ptext34                     text34       003D00
__ptext35                     text35       005568
__ptext36                     text36       0032AE
__ptext37                     text37       004E0A
__ptext38                     text38       004A48
__ptext39                     text39       00544C
__ptext4                      text4        001060
__ptext40                     text40       004D88
__ptext41                     text41       004E86
__ptext42                     text42       004EF8
__ptext43                     text43       0050D0
__ptext44                     text44       00558E
__ptext45                     text45       0053A6
__ptext46                     text46       00547E
__ptext47                     text47       005418
__ptext48                     text48       0055CA
__ptext49                     text49       0055E6
__ptext5                      text5        005326
__ptext50                     text50       00553C
__ptext52                     text52       0055F2
__ptext53                     text53       0054B0
__ptext54                     text54       003EB8
__ptext55                     text55       00529C
__ptext56                     text56       0029C2
__ptext57                     text57       0046B4
__ptext58                     text58       004AF8
__ptext59                     text59       004FCA
__ptext6                      text6        005176
__ptext7                      text7        004F64
__ptext8                      text8        003904
__ptext9                      text9        0047B8
__ramtop                      ramtop       001000
__smallconst                  smallconst   001000
_abs                          text19       005366
_atoi                         text22       00435C
_cTIMERTHREE                  bssCOMRAM    000050
_dbuf                         bssBANK1     00015C
_delay_cycles                 text45       0053A6
_delay_ms                     text46       00547E
_dtoa                         text14       00364A
_dtoa$1629                    cstackBANK0  0000A2
_efgtoa                       text4        001060
_efgtoa$1660                  cstackBANK0  0000C9
_flags                        bssCOMRAM    000054
_floorf                       text8        003904
_fputc                        text17       0048B6
_fputs                        text16       00520E
_highIsr                      intcode      000008
_initTimers01                 text50       00553C
_init_adc_no_lib              text49       0055E6
_init_pwm1                    text48       0055CA
_initialization               text47       005418
_isdigit                      text24       005510
_isspace                      text23       005256
_isspace$1740                 cstackCOMRAM 00002B
_labs                         text7        004F64
_lcd                          (abs)        000F83
_lcd_gotoxy                   text41       004E86
_lcd_init                     text42       004EF8
_lcd_putc                     text40       004D88
_lcd_puts                     text39       00544C
_lcd_send_byte                text43       0050D0
_lcd_send_nibble              text44       00558E
_main                         text0        002022
_memcpy                       text6        005176
_modes                        text59       004FCA
_our_modes                    bssCOMRAM    000052
_pad                          text15       004BA8
_prec                         bssCOMRAM    000048
_putch                        text18       005602
_pwd_Timer3                   text37       004E0A
_read_adc_raw_no_lib          text33       0052E2
_read_adc_voltage             text32       004D00
_reloadTimer3                 text31       0055DA
_roomT                        bssCOMRAM    00003E
_set_pwm1_percent             text26       004980
_set_pwm1_raw                 text27       0054E2
_setupPorts                   text25       0055B0
_sp                           bssCOMRAM    000042
_sprintf                      text1        00507C
_strcpy                       text5        005326
_vfpfcnvrt                    text3        001ACA
_vfprintf                     text2        005124
_vol                          bssBANK1     000157
_width                        bssCOMRAM    000046
abs@a                         cstackCOMRAM 000029
atoi@n                        cstackCOMRAM 000034
atoi@neg                      cstackCOMRAM 000032
atoi@s                        cstackCOMRAM 00002D
btemp                         temp         000059
delay_cycles@n                cstackCOMRAM 00002A
delay_cycles@x                cstackCOMRAM 00002B
delay_ms@n                    cstackCOMRAM 000027
delay_ms@x                    cstackCOMRAM 000029
dtoa@d                        cstackBANK0  000092
dtoa@fp                       cstackBANK0  000090
dtoa@i                        cstackBANK0  0000B1
dtoa@n                        cstackBANK0  0000A8
dtoa@p                        cstackBANK0  0000A4
dtoa@s                        cstackBANK0  0000B0
dtoa@w                        cstackBANK0  0000A6
efgtoa@c                      cstackBANK0  0000C0
efgtoa@d                      cstackBANK0  0000CE
efgtoa@e                      cstackBANK0  0000D2
efgtoa@f                      cstackBANK0  0000BC
efgtoa@fp                     cstackBANK0  0000BA
efgtoa@g                      cstackBANK0  0000E5
efgtoa@h                      cstackBANK0  0000DA
efgtoa@i                      cstackBANK0  0000E2
efgtoa@l                      cstackBANK0  0000DE
efgtoa@m                      cstackBANK0  0000D0
efgtoa@mode                   cstackBANK0  0000CC
efgtoa@n                      cstackBANK0  0000E9
efgtoa@ne                     cstackBANK0  0000C3
efgtoa@nmode                  cstackBANK0  0000CD
efgtoa@ou                     cstackBANK0  0000D4
efgtoa@p                      cstackBANK0  0000C5
efgtoa@pp                     cstackBANK0  0000CB
efgtoa@sign                   cstackBANK0  0000E4
efgtoa@t                      cstackBANK0  0000C7
efgtoa@u                      cstackBANK0  0000EB
efgtoa@w                      cstackBANK0  0000D8
end_of_initialization         cinit        00506E
floorf@F526                   bssCOMRAM    000036
floorf@e                      cstackBANK0  0000B4
floorf@m                      cstackBANK0  0000B0
floorf@u                      cstackBANK0  0000B6
floorf@x                      cstackBANK0  0000A6
fputc@c                       cstackCOMRAM 000027
fputc@fp                      cstackCOMRAM 000029
fputs@c                       cstackBANK0  000080
fputs@fp                      cstackCOMRAM 000032
fputs@i                       cstackBANK0  000081
fputs@s                       cstackCOMRAM 000030
i2___awmod                    text58       004AF8
i2___awmod@counter            cstackCOMRAM 000005
i2___awmod@dividend           cstackCOMRAM 000001
i2___awmod@divisor            cstackCOMRAM 000003
i2___awmod@sign               cstackCOMRAM 000006
i2___fladd                    text56       0029C2
i2___fladd@a                  cstackCOMRAM 000005
i2___fladd@aexp               cstackCOMRAM 00000E
i2___fladd@b                  cstackCOMRAM 000001
i2___fladd@bexp               cstackCOMRAM 00000F
i2___fladd@grs                cstackCOMRAM 000010
i2___fladd@signs              cstackCOMRAM 00000D
i2___flge                     text57       0046B4
i2___flge@ff1                 cstackCOMRAM 000019
i2___flge@ff2                 cstackCOMRAM 00001D
i2___flsub                    text55       00529C
i2___flsub@a                  cstackCOMRAM 000015
i2___flsub@b                  cstackCOMRAM 000011
i2___xxtofl                   text54       003EB8
i2___xxtofl@arg               cstackCOMRAM 00000B
i2___xxtofl@exp               cstackCOMRAM 00000A
i2___xxtofl@sign              cstackCOMRAM 000009
i2___xxtofl@val               cstackCOMRAM 000001
i2_delay_ms                   text53       0054B0
i2_reloadTimer3               text52       0055F2
i2delay_ms@n                  cstackCOMRAM 000001
i2delay_ms@x                  cstackCOMRAM 000003
int$flags                     temp         000059
int_func                      intcode_body 003B1A
intlevel0                     text         000000
intlevel1                     text         000000
intlevel2                     text         000000
intlevel3                     text         000000
isa$std                       (abs)        000001
isa$xinst                     (abs)        000000
isdigit@c                     cstackCOMRAM 000027
isspace@c                     cstackCOMRAM 000027
labs@a                        cstackCOMRAM 000027
lcd_gotoxy@address            cstackCOMRAM 000035
lcd_gotoxy@x                  cstackCOMRAM 000034
lcd_gotoxy@y                  cstackCOMRAM 000031
lcd_init@i                    cstackCOMRAM 000031
lcd_putc@c                    cstackBANK0  000082
lcd_puts@s                    cstackBANK0  000083
lcd_send_byte@cm_data         cstackCOMRAM 000030
lcd_send_byte@n               cstackCOMRAM 00002F
lcd_send_nibble@n             cstackCOMRAM 00002E
main@Buffer                   cstackBANK1  000124
main@PWMPersent               cstackBANK1  000154
main@analogs                  cstackBANK1  000144
main@channel                  cstackBANK1  000156
main@voltage                  cstackBANK1  000150
memcpy@d                      cstackCOMRAM 00002E
memcpy@d1                     cstackCOMRAM 000027
memcpy@n                      cstackCOMRAM 00002B
memcpy@s                      cstackCOMRAM 000030
memcpy@s1                     cstackCOMRAM 000029
memcpy@tmp                    cstackCOMRAM 00002D
pad@buf                       cstackBANK0  000085
pad@fp                        cstackBANK0  000083
pad@i                         cstackBANK0  000089
pad@p                         cstackBANK0  000087
pad@w                         cstackBANK0  00008B
pwd_Timer3@limit              cstackCOMRAM 00002D
read_adc_raw_no_lib@channel   cstackCOMRAM 00002D
read_adc_raw_no_lib@raw_value cstackCOMRAM 00002B
read_adc_voltage@channel      cstackBANK0  0000AE
read_adc_voltage@raw_value    cstackBANK0  0000AF
read_adc_voltage@voltage      cstackBANK0  0000AA
set_pwm1_percent@raw_val      cstackBANK0  0000AE
set_pwm1_percent@tmp          cstackBANK0  0000AA
set_pwm1_percent@value        cstackBANK0  0000A6
set_pwm1_raw@raw_value        cstackCOMRAM 000027
sprintf@ap                    cstackBANK1  000115
sprintf@f                     cstackBANK1  000117
sprintf@fmt                   cstackBANK1  00010F
sprintf@s                     cstackBANK1  00010D
stackhi                       (abs)        000000
stacklo                       (abs)        000000
start                         init         00000E
start_initialization          cinit        005024
strcpy@d                      cstackCOMRAM 00002D
strcpy@dest                   cstackCOMRAM 000027
strcpy@s                      cstackCOMRAM 00002B
strcpy@src                    cstackCOMRAM 000029
ttemp5                        temp         00005A
ttemp6                        temp         00005D
ttemp7                        temp         000061
vfpfcnvrt@ap                  cstackBANK0  0000F3
vfpfcnvrt@c                   cstackBANK1  00010A
vfpfcnvrt@convarg             cstackBANK1  000102
vfpfcnvrt@cp                  cstackBANK1  00010B
vfpfcnvrt@done                cstackBANK1  000100
vfpfcnvrt@fmt                 cstackBANK0  0000F1
vfpfcnvrt@fp                  cstackBANK0  0000EF
vfprintf@ap                   cstackBANK0  0000FC
vfprintf@cfmt                 cstackBANK0  0000FE
vfprintf@fmt                  cstackBANK0  0000FA
vfprintf@fp                   cstackBANK0  0000F8
wtemp8                        temp         00005A


MODULE INFORMATION

Module		Function		Class		Link	Load	Size
C:\Program Files\Microchip\xc8\v2.40\pic\sources\c99\common\sprcmul.c
		___flmul       		CODE           	2E82	0000	1068

C:\Program Files\Microchip\xc8\v2.40\pic\sources\c99\common\sprcmul.c estimated size: 1068

C:\Program Files\Microchip\xc8\v2.40\pic\sources\c99\common\nf_fputc.c
		_fputc         		CODE           	48B6	0000	202

C:\Program Files\Microchip\xc8\v2.40\pic\sources\c99\common\nf_fputc.c estimated size: 202

C:\Program Files\Microchip\xc8\v2.40\pic\sources\c99\common\sprcdiv.c
		___fldiv       		CODE           	32AE	0000	924

C:\Program Files\Microchip\xc8\v2.40\pic\sources\c99\common\sprcdiv.c estimated size: 924

C:\Program Files\Microchip\xc8\v2.40\pic\sources\c99\common\nf_sprintf.c
		_sprintf       		CODE           	507C	0000	84

C:\Program Files\Microchip\xc8\v2.40\pic\sources\c99\common\nf_sprintf.c estimated size: 84

C:\Program Files\Microchip\xc8\v2.40\pic\sources\c99\common\memcpy.c
		_memcpy        		CODE           	5176	0000	80

C:\Program Files\Microchip\xc8\v2.40\pic\sources\c99\common\memcpy.c estimated size: 80

C:\Program Files\Microchip\xc8\v2.40\pic\sources\c99\common\fltol.c
		___fltol       		CODE           	44A6	0000	264

C:\Program Files\Microchip\xc8\v2.40\pic\sources\c99\common\fltol.c estimated size: 264

C:\Program Files\Microchip\xc8\v2.40\pic\sources\c99\common\isspace.c
		_isspace       		CODE           	5256	0000	70

C:\Program Files\Microchip\xc8\v2.40\pic\sources\c99\common\isspace.c estimated size: 70

C:\Program Files\Microchip\xc8\v2.40\pic\sources\c99\common\atoi.c
		_atoi          		CODE           	435C	0000	330

C:\Program Files\Microchip\xc8\v2.40\pic\sources\c99\common\atoi.c estimated size: 330

C:\Program Files\Microchip\xc8\v2.40\pic\sources\c99\common\Umul16.c
		___wmul        		CODE           	5568	0000	38

C:\Program Files\Microchip\xc8\v2.40\pic\sources\c99\common\Umul16.c estimated size: 38

C:\Program Files\Microchip\xc8\v2.40\pic\sources\c99\common\fleq.c
		___fleq        		CODE           	4C56	0000	170

C:\Program Files\Microchip\xc8\v2.40\pic\sources\c99\common\fleq.c estimated size: 170

C:\Program Files\Microchip\xc8\v2.40\pic\sources\c99\common\abs.c
		_abs           		CODE           	5366	0000	64

C:\Program Files\Microchip\xc8\v2.40\pic\sources\c99\common\abs.c estimated size: 64

C:\Program Files\Microchip\xc8\v2.40\pic\sources\c99\common\__fpclassifyf.c
		___fpclassifyf 		CODE           	47B8	0000	254

C:\Program Files\Microchip\xc8\v2.40\pic\sources\c99\common\__fpclassifyf.c estimated size: 254

C:\Program Files\Microchip\xc8\v2.40\pic\sources\c99\common\isdigit.c
		_isdigit       		CODE           	5510	0000	44

C:\Program Files\Microchip\xc8\v2.40\pic\sources\c99\common\isdigit.c estimated size: 44

C:\Program Files\Microchip\xc8\v2.40\pic\sources\c99\common\sprcadd.c
		___flsub       		CODE           	51C6	0000	72
		___fladd       		CODE           	2500	0000	1218

C:\Program Files\Microchip\xc8\v2.40\pic\sources\c99\common\sprcadd.c estimated size: 1290

C:\Program Files\Microchip\xc8\v2.40\pic\sources\c99\common\floorf.c
		_floorf        		CODE           	3904	0000	534

C:\Program Files\Microchip\xc8\v2.40\pic\sources\c99\common\floorf.c estimated size: 534

C:\Program Files\Microchip\xc8\v2.40\pic\sources\c99\common\flneg.c
		___flneg       		CODE           	53E0	0000	56

C:\Program Files\Microchip\xc8\v2.40\pic\sources\c99\common\flneg.c estimated size: 56

C:\Program Files\Microchip\xc8\v2.40\pic\sources\c99\common\labs.c
		_labs          		CODE           	4F64	0000	102

C:\Program Files\Microchip\xc8\v2.40\pic\sources\c99\common\labs.c estimated size: 102

C:\Program Files\Microchip\xc8\v2.40\pic\sources\c99\common\xxtofl.c
		___xxtofl      		CODE           	3D00	0000	440

C:\Program Files\Microchip\xc8\v2.40\pic\sources\c99\common\xxtofl.c estimated size: 440

C:\Program Files\Microchip\xc8\v2.40\pic\sources\c99\common\nf_fputs.c
		_fputs         		CODE           	520E	0000	72

C:\Program Files\Microchip\xc8\v2.40\pic\sources\c99\common\nf_fputs.c estimated size: 72

C:\Program Files\Microchip\xc8\v2.40\pic\sources\c99\common\aomod.c
		___aomod       		CODE           	41F6	0000	358

C:\Program Files\Microchip\xc8\v2.40\pic\sources\c99\common\aomod.c estimated size: 358

shared
		i2___fladd     		CODE           	29C2	0000	1216
		__initialization		CODE           	5024	0000	74
		i2___flge      		CODE           	46B4	0000	260
		i2___awmod     		CODE           	4AF8	0000	176
		i2___xxtofl    		CODE           	3EB8	0000	436
		i2___flsub     		CODE           	529C	0000	70
		i2_delay_ms    		CODE           	54B0	0000	50
		i2_reloadTimer3		CODE           	55F2	0000	12

shared estimated size: 2294

C:\Program Files\Microchip\xc8\v2.40\pic\sources\c99\common\strcpy.c
		_strcpy        		CODE           	5326	0000	64

C:\Program Files\Microchip\xc8\v2.40\pic\sources\c99\common\strcpy.c estimated size: 64

C:\Program Files\Microchip\xc8\v2.40\pic\sources\c99\common\flge.c
		___flge        		CODE           	45AE	0000	262

C:\Program Files\Microchip\xc8\v2.40\pic\sources\c99\common\flge.c estimated size: 262

C:\Program Files\Microchip\xc8\v2.40\pic\sources\c99\common\awmod.c
		___awmod       		CODE           	4A48	0000	176

C:\Program Files\Microchip\xc8\v2.40\pic\sources\c99\common\awmod.c estimated size: 176

C:\Program Files\Microchip\xc8\v2.40\pic\sources\c99\common\putch.c
		_putch         		CODE           	5602	0000	2

C:\Program Files\Microchip\xc8\v2.40\pic\sources\c99\common\putch.c estimated size: 2

C:\Program Files\Microchip\xc8\v2.40\pic\sources\c99\common\doprnt.c
		_vfpfcnvrt     		CODE           	1ACA	0000	1368
		_efgtoa        		CODE           	1060	0000	2666
		_pad           		CODE           	4BA8	0000	174
		_dtoa          		CODE           	364A	0000	698
		_vfprintf      		CODE           	5124	0000	82

C:\Program Files\Microchip\xc8\v2.40\pic\sources\c99\common\doprnt.c estimated size: 4988

main.c
		_set_pwm1_percent		CODE           	4980	0000	200
		_initialization		CODE           	5418	0000	52
		_init_adc_no_lib		CODE           	55E6	0000	12
		_lcd_putc      		CODE           	4D88	0000	130
		_lcd_puts      		CODE           	544C	0000	50
		_lcd_send_byte 		CODE           	50D0	0000	84
		_main          		CODE           	2022	0000	1246
		_highIsr       		CODE           	0008	0000	492
		_modes         		CODE           	4FCA	0000	90
		_read_adc_raw_no_lib		CODE           	52E2	0000	68
		_lcd_gotoxy    		CODE           	4E86	0000	114
		_lcd_send_nibble		CODE           	558E	0000	34
		_reloadTimer3  		CODE           	55DA	0000	12
		_initTimers01  		CODE           	553C	0000	44
		_setupPorts    		CODE           	55B0	0000	26
		_delay_ms      		CODE           	547E	0000	50
		_init_pwm1     		CODE           	55CA	0000	16
		_read_adc_voltage		CODE           	4D00	0000	136
		_pwd_Timer3    		CODE           	4E0A	0000	124
		_set_pwm1_raw  		CODE           	54E2	0000	46
		_lcd_init      		CODE           	4EF8	0000	108
		_delay_cycles  		CODE           	53A6	0000	58

main.c estimated size: 3192

C:\Program Files\Microchip\xc8\v2.40\pic\sources\c99\common\aodiv.c
		___aodiv       		CODE           	406C	0000	394

C:\Program Files\Microchip\xc8\v2.40\pic\sources\c99\common\aodiv.c estimated size: 394



MODULE INFORMATION

Module		Function		Class		Link	Load	Size
C:\Program Files\Microchip\xc8\v2.40\pic\sources\c99\common\sprcmul.c
		___flmul       		CODE           	2E82	0000	1068

C:\Program Files\Microchip\xc8\v2.40\pic\sources\c99\common\sprcmul.c estimated size: 1068

C:\Program Files\Microchip\xc8\v2.40\pic\sources\c99\common\nf_fputc.c
		_fputc         		CODE           	48B6	0000	202

C:\Program Files\Microchip\xc8\v2.40\pic\sources\c99\common\nf_fputc.c estimated size: 202

C:\Program Files\Microchip\xc8\v2.40\pic\sources\c99\common\sprcdiv.c
		___fldiv       		CODE           	32AE	0000	924

C:\Program Files\Microchip\xc8\v2.40\pic\sources\c99\common\sprcdiv.c estimated size: 924

C:\Program Files\Microchip\xc8\v2.40\pic\sources\c99\common\nf_sprintf.c
		_sprintf       		CODE           	507C	0000	84

C:\Program Files\Microchip\xc8\v2.40\pic\sources\c99\common\nf_sprintf.c estimated size: 84

C:\Program Files\Microchip\xc8\v2.40\pic\sources\c99\common\memcpy.c
		_memcpy        		CODE           	5176	0000	80

C:\Program Files\Microchip\xc8\v2.40\pic\sources\c99\common\memcpy.c estimated size: 80

C:\Program Files\Microchip\xc8\v2.40\pic\sources\c99\common\fltol.c
		___fltol       		CODE           	44A6	0000	264

C:\Program Files\Microchip\xc8\v2.40\pic\sources\c99\common\fltol.c estimated size: 264

C:\Program Files\Microchip\xc8\v2.40\pic\sources\c99\common\isspace.c
		_isspace       		CODE           	5256	0000	70

C:\Program Files\Microchip\xc8\v2.40\pic\sources\c99\common\isspace.c estimated size: 70

C:\Program Files\Microchip\xc8\v2.40\pic\sources\c99\common\atoi.c
		_atoi          		CODE           	435C	0000	330

C:\Program Files\Microchip\xc8\v2.40\pic\sources\c99\common\atoi.c estimated size: 330

C:\Program Files\Microchip\xc8\v2.40\pic\sources\c99\common\Umul16.c
		___wmul        		CODE           	5568	0000	38

C:\Program Files\Microchip\xc8\v2.40\pic\sources\c99\common\Umul16.c estimated size: 38

C:\Program Files\Microchip\xc8\v2.40\pic\sources\c99\common\fleq.c
		___fleq        		CODE           	4C56	0000	170

C:\Program Files\Microchip\xc8\v2.40\pic\sources\c99\common\fleq.c estimated size: 170

C:\Program Files\Microchip\xc8\v2.40\pic\sources\c99\common\abs.c
		_abs           		CODE           	5366	0000	64

C:\Program Files\Microchip\xc8\v2.40\pic\sources\c99\common\abs.c estimated size: 64

C:\Program Files\Microchip\xc8\v2.40\pic\sources\c99\common\__fpclassifyf.c
		___fpclassifyf 		CODE           	47B8	0000	254

C:\Program Files\Microchip\xc8\v2.40\pic\sources\c99\common\__fpclassifyf.c estimated size: 254

C:\Program Files\Microchip\xc8\v2.40\pic\sources\c99\common\isdigit.c
		_isdigit       		CODE           	5510	0000	44

C:\Program Files\Microchip\xc8\v2.40\pic\sources\c99\common\isdigit.c estimated size: 44

C:\Program Files\Microchip\xc8\v2.40\pic\sources\c99\common\sprcadd.c
		___flsub       		CODE           	51C6	0000	72
		___fladd       		CODE           	2500	0000	1218

C:\Program Files\Microchip\xc8\v2.40\pic\sources\c99\common\sprcadd.c estimated size: 1290

C:\Program Files\Microchip\xc8\v2.40\pic\sources\c99\common\floorf.c
		_floorf        		CODE           	3904	0000	534

C:\Program Files\Microchip\xc8\v2.40\pic\sources\c99\common\floorf.c estimated size: 534

C:\Program Files\Microchip\xc8\v2.40\pic\sources\c99\common\flneg.c
		___flneg       		CODE           	53E0	0000	56

C:\Program Files\Microchip\xc8\v2.40\pic\sources\c99\common\flneg.c estimated size: 56

C:\Program Files\Microchip\xc8\v2.40\pic\sources\c99\common\labs.c
		_labs          		CODE           	4F64	0000	102

C:\Program Files\Microchip\xc8\v2.40\pic\sources\c99\common\labs.c estimated size: 102

C:\Program Files\Microchip\xc8\v2.40\pic\sources\c99\common\xxtofl.c
		___xxtofl      		CODE           	3D00	0000	440

C:\Program Files\Microchip\xc8\v2.40\pic\sources\c99\common\xxtofl.c estimated size: 440

C:\Program Files\Microchip\xc8\v2.40\pic\sources\c99\common\nf_fputs.c
		_fputs         		CODE           	520E	0000	72

C:\Program Files\Microchip\xc8\v2.40\pic\sources\c99\common\nf_fputs.c estimated size: 72

C:\Program Files\Microchip\xc8\v2.40\pic\sources\c99\common\aomod.c
		___aomod       		CODE           	41F6	0000	358

C:\Program Files\Microchip\xc8\v2.40\pic\sources\c99\common\aomod.c estimated size: 358

shared
		i2___fladd     		CODE           	29C2	0000	1216
		__initialization		CODE           	5024	0000	74
		i2___flge      		CODE           	46B4	0000	260
		i2___awmod     		CODE           	4AF8	0000	176
		i2___xxtofl    		CODE           	3EB8	0000	436
		i2___flsub     		CODE           	529C	0000	70
		i2_delay_ms    		CODE           	54B0	0000	50
		i2_reloadTimer3		CODE           	55F2	0000	12

shared estimated size: 2294

C:\Program Files\Microchip\xc8\v2.40\pic\sources\c99\common\strcpy.c
		_strcpy        		CODE           	5326	0000	64

C:\Program Files\Microchip\xc8\v2.40\pic\sources\c99\common\strcpy.c estimated size: 64

C:\Program Files\Microchip\xc8\v2.40\pic\sources\c99\common\flge.c
		___flge        		CODE           	45AE	0000	262

C:\Program Files\Microchip\xc8\v2.40\pic\sources\c99\common\flge.c estimated size: 262

C:\Program Files\Microchip\xc8\v2.40\pic\sources\c99\common\awmod.c
		___awmod       		CODE           	4A48	0000	176

C:\Program Files\Microchip\xc8\v2.40\pic\sources\c99\common\awmod.c estimated size: 176

C:\Program Files\Microchip\xc8\v2.40\pic\sources\c99\common\putch.c
		_putch         		CODE           	5602	0000	2

C:\Program Files\Microchip\xc8\v2.40\pic\sources\c99\common\putch.c estimated size: 2

C:\Program Files\Microchip\xc8\v2.40\pic\sources\c99\common\doprnt.c
		_vfpfcnvrt     		CODE           	1ACA	0000	1368
		_efgtoa        		CODE           	1060	0000	2666
		_pad           		CODE           	4BA8	0000	174
		_dtoa          		CODE           	364A	0000	698
		_vfprintf      		CODE           	5124	0000	82

C:\Program Files\Microchip\xc8\v2.40\pic\sources\c99\common\doprnt.c estimated size: 4988

main.c
		_set_pwm1_percent		CODE           	4980	0000	200
		_initialization		CODE           	5418	0000	52
		_init_adc_no_lib		CODE           	55E6	0000	12
		_lcd_putc      		CODE           	4D88	0000	130
		_lcd_puts      		CODE           	544C	0000	50
		_lcd_send_byte 		CODE           	50D0	0000	84
		_main          		CODE           	2022	0000	1246
		_highIsr       		CODE           	0008	0000	492
		_modes         		CODE           	4FCA	0000	90
		_read_adc_raw_no_lib		CODE           	52E2	0000	68
		_lcd_gotoxy    		CODE           	4E86	0000	114
		_lcd_send_nibble		CODE           	558E	0000	34
		_reloadTimer3  		CODE           	55DA	0000	12
		_initTimers01  		CODE           	553C	0000	44
		_setupPorts    		CODE           	55B0	0000	26
		_delay_ms      		CODE           	547E	0000	50
		_init_pwm1     		CODE           	55CA	0000	16
		_read_adc_voltage		CODE           	4D00	0000	136
		_pwd_Timer3    		CODE           	4E0A	0000	124
		_set_pwm1_raw  		CODE           	54E2	0000	46
		_lcd_init      		CODE           	4EF8	0000	108
		_delay_cycles  		CODE           	53A6	0000	58

main.c estimated size: 3192

C:\Program Files\Microchip\xc8\v2.40\pic\sources\c99\common\aodiv.c
		___aodiv       		CODE           	406C	0000	394

C:\Program Files\Microchip\xc8\v2.40\pic\sources\c99\common\aodiv.c estimated size: 394

