Microchip MPLAB XC8 Compiler V2.40

Linker command line:

-W-3 \
  --edf=C:\Program Files\Microchip\xc8\v2.40\pic\dat\20220703182018_en.msgs \
  -cn -h+dist/default/production\NAMES.X.production.sym \
  --cmf=dist/default/production\NAMES.X.production.cmf -z -Q18F4620 \
  -oC:\Users\2020\AppData\Local\Temp\xcAs2lg.4 --defsym=__MPLAB_BUILD=1 \
  --fixupoverflow=error -Mdist/default/production/NAMES.X.production.map \
  --md=C:\Users\2020\AppData\Local\Temp\xcAs2lg.dat -E1 -ver=XC8 Compiler \
  --acfsm=1493 -ACODE=0300h-0FFFFh -ACONST=0300h-0FFFFh \
  -ASMALLCONST=01000h-010FFhx240 -AMEDIUMCONST=01000h-0FFFFh \
  -ACOMRAM=01h-07Fh -AABS1=00h-0F7Fh -ABIGRAM=01h-0F7Fh \
  -ARAM=080h-0FFh,0100h-01FFhx14,0F00h-0F7Fh -ABANK0=080h-0FFh \
  -ABANK1=0100h-01FFh -ABANK2=0200h-02FFh -ABANK3=0300h-03FFh \
  -ABANK4=0400h-04FFh -ABANK5=0500h-05FFh -ABANK6=0600h-06FFh \
  -ABANK7=0700h-07FFh -ABANK8=0800h-08FFh -ABANK9=0900h-09FFh \
  -ABANK10=0A00h-0AFFh -ABANK11=0B00h-0BFFh -ABANK12=0C00h-0CFFh \
  -ABANK13=0D00h-0DFFh -ABANK14=0E00h-0EFFh -ABANK15=0F00h-0F7Fh \
  -ASFR=0F80h-0FFFh -ABIGSFR=0F80h-0FFFh -ACONFIG=0300000h-030000Dh \
  -AIDLOC=0200000h-0200007h -AEEDATA=0F00000h-0F003FFh -peeprom_data=EEDATA \
  -preset_vec=0300h,intcode,intcodelo,powerup,init -pramtop=01000h \
  -psmallconst=SMALLCONST -pmediumconst=MEDIUMCONST -pconst=CONST \
  -AFARRAM=00h-00h \
  -prdata=COMRAM,nvrram=COMRAM,nvbit=COMRAM,rbss=COMRAM,rbit=COMRAM \
  -pfarbss=FARRAM,fardata=FARRAM,nvFARRAM=FARRAM \
  -pintsave_regs=BIGRAM,bigbss=BIGRAM,bigdata=BIGRAM -pbss=RAM \
  -pidata=CODE,irdata=CODE,ibigdata=CODE,ifardata=CODE -prparam=COMRAM \
  C:\Users\2020\AppData\Local\Temp\xcAs2lg.o \
  dist/default/production\NAMES.X.production.o 

Object code version is 3.11

Machine type is 18F4620



                Name                               Link     Load   Length Selector   Space Scale
C:\Users\2020\AppData\Local\Temp\xcAs2lg.o
                idloc                            200000   200000        8        0       5
                config                           300000   300000        E        0       4
                init                                300      300        4      180       0
dist/default/production\NAMES.X.production.o
                idloc                            200000   200000        8        0       5
                config                           300000   300000        E        0       4
                smallconst                         1000     1000       36      800       0
                text10                             1356     1356       2C      81B       0
                text9                              1324     1324       32      81B       0
                text8                              12B4     12B4       3A      81B       0
                text7                              13AC     13AC       22      81B       0
                text6                              1260     1260       54      81B       0
                text5                              11F4     11F4       6C      81B       0
                text4                              1182     1182       72      81B       0
                text3                              1104     1104       7E      81B       0
                text2                              12EE     12EE       36      81B       0
                text1                              13CE     13CE       20      81B       0
                text0                              1036     1036       CE      81B       0
                cstackCOMRAM                          1        1       17        1       1
                dataCOMRAM                           18       18        8        1       1
                cinit                              1382     1382       2A      81B       0
                idataCOMRAM                        13EE     13EE        8      81B       0

TOTAL           Name                               Link     Load   Length     Space
        CLASS   CODE           
                init                                300      300        4         0
                text10                             1356     1356       2C         0
                text9                              1324     1324       32         0
                text8                              12B4     12B4       3A         0
                text7                              13AC     13AC       22         0
                text6                              1260     1260       54         0
                text5                              11F4     11F4       6C         0
                text4                              1182     1182       72         0
                text3                              1104     1104       7E         0
                text2                              12EE     12EE       36         0
                text1                              13CE     13CE       20         0
                text0                              1036     1036       CE         0
                cinit                              1382     1382       2A         0
                idataCOMRAM                        13EE     13EE        8         0

        CLASS   CONST          

        CLASS   SMALLCONST     
                smallconst                         1000     1000       36         0

        CLASS   MEDIUMCONST    

        CLASS   COMRAM         
                cstackCOMRAM                          1        1       17         1
                dataCOMRAM                           18       18        8         1

        CLASS   ABS1           

        CLASS   BIGRAM         

        CLASS   RAM            

        CLASS   BANK0          

        CLASS   BANK1          

        CLASS   BANK2          

        CLASS   BANK3          

        CLASS   BANK4          

        CLASS   BANK5          

        CLASS   BANK6          

        CLASS   BANK7          

        CLASS   BANK8          

        CLASS   BANK9          

        CLASS   BANK10         

        CLASS   BANK11         

        CLASS   BANK12         

        CLASS   BANK13         

        CLASS   BANK14         

        CLASS   BANK15         

        CLASS   SFR            

        CLASS   BIGSFR         

        CLASS   CONFIG         
                config                           300000   300000        E         4

        CLASS   IDLOC          
                idloc                            200000   200000        8         5

        CLASS   EEDATA         

        CLASS   FARRAM         

        CLASS   HEAP           

        CLASS   STACK          



SEGMENTS        Name                           Load    Length   Top    Selector   Space  Class

                cstackCOMRAM                   000001  00001F  000020         1       1  COMRAM  
                reset_vec                      000300  000004  000304       180       0  CODE    
                smallconst                     001000  000036  001036       800       0  SMALLCON
                text0                          001036  0003C0  0013F6       81B       0  CODE    


UNUSED ADDRESS RANGES

        Name                Unused          Largest block    Delta
        BANK0            000080-0000FF               80
        BANK1            000100-0001FF              100
        BANK10           000A00-000AFF              100
        BANK11           000B00-000BFF              100
        BANK12           000C00-000CFF              100
        BANK13           000D00-000DFF              100
        BANK14           000E00-000EFF              100
        BANK15           000F00-000F7F               80
        BANK2            000200-0002FF              100
        BANK3            000300-0003FF              100
        BANK4            000400-0004FF              100
        BANK5            000500-0005FF              100
        BANK6            000600-0006FF              100
        BANK7            000700-0007FF              100
        BANK8            000800-0008FF              100
        BANK9            000900-0009FF              100
        BIGRAM           000020-000F7F              F60
        BIGSFR           000F80-000FFF               80
        CODE             000304-000FFF              CFC
                         0013F6-00FFFF             EC0A
        COMRAM           000020-00007F               60
        CONST            000304-000FFF              CFC
                         0013F6-00FFFF             EC0A
        EEDATA           F00000-F003FF              400
        FARRAM           000000-000000                1
        MEDIUMCONST      0013F6-00FFFF             EC0A
        RAM              000080-000F7F              100
        SFR              000F80-000FFF               80
        SMALLCONST       0013F6-00FFFF              100

                                  Symbol Table

_ADCON1                  (abs)        000FC1
_BAUDCONbits             (abs)        000FB8
_INTCON                  (abs)        000FF2
_LATA                    (abs)        000F89
_LATB                    (abs)        000F8A
_LATC                    (abs)        000F8B
_LATD                    (abs)        000F8C
_LATE                    (abs)        000F8D
_LCD_INIT_STRING         dataCOMRAM   000018
_PIR1bits                (abs)        000F9E
_PORTBbits               (abs)        000F81
_PORTDbits               (abs)        000F83
_RCREG                   (abs)        000FAE
_RCSTA                   (abs)        000FAB
_RCSTAbits               (abs)        000FAB
_SPBRG                   (abs)        000FAF
_SPBRGH                  (abs)        000FB0
_TRISA                   (abs)        000F92
_TRISB                   (abs)        000F93
_TRISC                   (abs)        000F94
_TRISD                   (abs)        000F95
_TRISE                   (abs)        000F96
_TXREG                   (abs)        000FAD
_TXSTA                   (abs)        000FAC
_TXSTAbits               (abs)        000FAC
__HRAM                   (abs)        000000
__Habs1                  abs1         000000
__Hbank0                 bank0        000000
__Hbank1                 bank1        000000
__Hbank10                bank10       000000
__Hbank11                bank11       000000
__Hbank12                bank12       000000
__Hbank13                bank13       000000
__Hbank14                bank14       000000
__Hbank15                bank15       000000
__Hbank2                 bank2        000000
__Hbank3                 bank3        000000
__Hbank4                 bank4        000000
__Hbank5                 bank5        000000
__Hbank6                 bank6        000000
__Hbank7                 bank7        000000
__Hbank8                 bank8        000000
__Hbank9                 bank9        000000
__Hbigbss                bigbss       000000
__Hbigdata               bigdata      000000
__Hbigram                bigram       000000
__Hbigsfr                bigsfr       000000
__Hbss                   bss          000000
__Hcinit                 cinit        000000
__Hclrtext               clrtext      000000
__Hcomram                comram       000000
__Hconfig                config       30000E
__Hconst                 const        000000
__HcstackCOMRAM          cstackCOMRAM 000000
__Hdata                  data         000000
__HdataCOMRAM            dataCOMRAM   000000
__Heeprom_data           eeprom_data  000000
__Hfarbss                farbss       000000
__Hfardata               fardata      000000
__Hheap                  heap         000000
__Hibigdata              ibigdata     000000
__Hidata                 idata        000000
__HidataCOMRAM           idataCOMRAM  000000
__Hidloc                 idloc        200008
__Hifardata              ifardata     000000
__Hinit                  init         000304
__Hintcode               intcode      000300
__Hintcode_body          intcode_body 000000
__Hintcodelo             intcodelo    000300
__Hintentry              intentry     000000
__Hintret                intret       000000
__Hintsave_regs          intsave_regs 000000
__Hirdata                irdata       000000
__Hmediumconst           mediumconst  000000
__HnvFARRAM              nvFARRAM     000000
__Hnvbit                 nvbit        000000
__Hnvrram                nvrram       000000
__Hparam                 rparam       000000
__Hpowerup               powerup      000300
__Hram                   ram          000000
__Hramtop                ramtop       001000
__Hrbit                  rbit         000000
__Hrbss                  rbss         000000
__Hrdata                 rdata        000000
__Hreset_vec             reset_vec    000300
__Hrparam                rparam       000000
__Hsfr                   sfr          000000
__Hsmallconst            smallconst   001036
__Hspace_0               (abs)        0013F6
__Hspace_1               (abs)        000020
__Hspace_2               (abs)        000000
__Hspace_4               (abs)        60000E
__Hstack                 stack        000000
__Hstruct                struct       000000
__Htemp                  temp         000000
__Htext                  text         000000
__Htext0                 text0        000000
__Htext1                 text1        000000
__Htext10                text10       000000
__Htext2                 text2        000000
__Htext3                 text3        000000
__Htext4                 text4        000000
__Htext5                 text5        000000
__Htext6                 text6        000000
__Htext7                 text7        000000
__Htext8                 text8        000000
__Htext9                 text9        000000
__LRAM                   (abs)        000001
__Labs1                  abs1         000000
__Lbank0                 bank0        000000
__Lbank1                 bank1        000000
__Lbank10                bank10       000000
__Lbank11                bank11       000000
__Lbank12                bank12       000000
__Lbank13                bank13       000000
__Lbank14                bank14       000000
__Lbank15                bank15       000000
__Lbank2                 bank2        000000
__Lbank3                 bank3        000000
__Lbank4                 bank4        000000
__Lbank5                 bank5        000000
__Lbank6                 bank6        000000
__Lbank7                 bank7        000000
__Lbank8                 bank8        000000
__Lbank9                 bank9        000000
__Lbigbss                bigbss       000000
__Lbigdata               bigdata      000000
__Lbigram                bigram       000000
__Lbigsfr                bigsfr       000000
__Lbss                   bss          000000
__Lcinit                 cinit        000000
__Lclrtext               clrtext      000000
__Lcomram                comram       000000
__Lconfig                config       000000
__Lconst                 const        000000
__LcstackCOMRAM          cstackCOMRAM 000000
__Ldata                  data         000000
__LdataCOMRAM            dataCOMRAM   000000
__Leeprom_data           eeprom_data  000000
__Lfarbss                farbss       000000
__Lfardata               fardata      000000
__Lheap                  heap         000000
__Libigdata              ibigdata     000000
__Lidata                 idata        000000
__LidataCOMRAM           idataCOMRAM  000000
__Lidloc                 idloc        000000
__Lifardata              ifardata     000000
__Linit                  init         000300
__Lintcode               intcode      000300
__Lintcode_body          intcode_body 000000
__Lintcodelo             intcodelo    000300
__Lintentry              intentry     000000
__Lintret                intret       000000
__Lintsave_regs          intsave_regs 000000
__Lirdata                irdata       000000
__Lmediumconst           mediumconst  000000
__LnvFARRAM              nvFARRAM     000000
__Lnvbit                 nvbit        000000
__Lnvrram                nvrram       000000
__Lparam                 rparam       000000
__Lpowerup               powerup      000300
__Lram                   ram          000000
__Lramtop                ramtop       001000
__Lrbit                  rbit         000000
__Lrbss                  rbss         000000
__Lrdata                 rdata        000000
__Lreset_vec             reset_vec    000300
__Lrparam                rparam       000000
__Lsfr                   sfr          000000
__Lsmallconst            smallconst   001000
__Lspace_0               (abs)        000000
__Lspace_1               (abs)        000000
__Lspace_2               (abs)        000000
__Lspace_4               (abs)        000000
__Lstack                 stack        000000
__Lstruct                struct       000000
__Ltemp                  temp         000000
__Ltext                  text         000000
__Ltext0                 text0        000000
__Ltext1                 text1        000000
__Ltext10                text10       000000
__Ltext2                 text2        000000
__Ltext3                 text3        000000
__Ltext4                 text4        000000
__Ltext5                 text5        000000
__Ltext6                 text6        000000
__Ltext7                 text7        000000
__Ltext8                 text8        000000
__Ltext9                 text9        000000
__S0                     (abs)        0013F6
__S1                     (abs)        000020
__S4                     (abs)        000000
__S5                     (abs)        000000
___heap_hi               (abs)        000000
___heap_lo               (abs)        000000
___inthi_sp              stack        000000
___intlo_sp              stack        000000
___param_bank            (abs)        000000
___rparam_used           (abs)        000001
___sp                    stack        000000
__accesstop              (abs)        000080
__activetblptr           (abs)        000002
__end_of__initialization cinit        0013A2
__end_of_delay_cycles    text8        0012EE
__end_of_delay_ms        text9        001356
__end_of_initPorts       text10       001382
__end_of_lcd_gotoxy      text4        0011F4
__end_of_lcd_init        text5        001260
__end_of_lcd_putc        text3        001182
__end_of_lcd_puts        text2        001324
__end_of_lcd_send_byte   text6        0012B4
__end_of_lcd_send_nibble text7        0013CE
__end_of_main            text0        001104
__end_of_setupSerial     text1        0013EE
__initialization         cinit        001382
__mediumconst            mediumconst  000000
__pcinit                 cinit        001382
__pcstackCOMRAM          cstackCOMRAM 000001
__pdataCOMRAM            dataCOMRAM   000018
__pidataCOMRAM           idataCOMRAM  0013EE
__psmallconst            smallconst   001000
__ptext0                 text0        001036
__ptext1                 text1        0013CE
__ptext10                text10       001356
__ptext2                 text2        0012EE
__ptext3                 text3        001104
__ptext4                 text4        001182
__ptext5                 text5        0011F4
__ptext6                 text6        001260
__ptext7                 text7        0013AC
__ptext8                 text8        0012B4
__ptext9                 text9        001324
__ramtop                 ramtop       001000
__smallconst             smallconst   001000
_delay_cycles            text8        0012B4
_delay_ms                text9        001324
_initPorts               text10       001356
_lcd                     (abs)        000F83
_lcd_gotoxy              text4        001182
_lcd_init                text5        0011F4
_lcd_putc                text3        001104
_lcd_puts                text2        0012EE
_lcd_send_byte           text6        001260
_lcd_send_nibble         text7        0013AC
_main                    text0        001036
_setupSerial             text1        0013CE
_x_axis                  dataCOMRAM   00001E
_y_axis                  dataCOMRAM   00001C
delay_cycles@n           cstackCOMRAM 000006
delay_cycles@x           cstackCOMRAM 000004
delay_ms@i               cstackCOMRAM 000003
delay_ms@n               cstackCOMRAM 000001
end_of_initialization    cinit        0013A2
intlevel0                text         000000
intlevel1                text         000000
intlevel2                text         000000
intlevel3                text         000000
isa$std                  (abs)        000001
isa$xinst                (abs)        000000
lcd_gotoxy@address       cstackCOMRAM 00000F
lcd_gotoxy@x             cstackCOMRAM 00000E
lcd_gotoxy@y             cstackCOMRAM 00000B
lcd_init@i               cstackCOMRAM 00000B
lcd_putc@c               cstackCOMRAM 000012
lcd_puts@s               cstackCOMRAM 000013
lcd_send_byte@cm_data    cstackCOMRAM 00000A
lcd_send_byte@n          cstackCOMRAM 000009
lcd_send_nibble@n        cstackCOMRAM 000008
main@i                   cstackCOMRAM 000016
stackhi                  (abs)        000000
stacklo                  (abs)        000000
start                    init         000300
start_initialization     cinit        001382


MODULE INFORMATION

Module		Function		Class		Link	Load	Size
gasDetection.c
		_main          		CODE           	1036	0000	206
		_initPorts     		CODE           	1356	0000	44
		_delay_ms      		CODE           	1324	0000	50
		_setupSerial   		CODE           	13CE	0000	32

gasDetection.c estimated size: 332

shared
		__initialization		CODE           	1382	0000	32

shared estimated size: 32

lcd_x8.c
		_lcd_putc      		CODE           	1104	0000	126
		_lcd_puts      		CODE           	12EE	0000	54
		_lcd_send_byte 		CODE           	1260	0000	84
		_lcd_gotoxy    		CODE           	1182	0000	114
		_lcd_send_nibble		CODE           	13AC	0000	34
		_lcd_init      		CODE           	11F4	0000	108
		_delay_cycles  		CODE           	12B4	0000	58

lcd_x8.c estimated size: 578

